#-----------------------------------------------------------
# Vivado v2024.2 (64-bit)
# SW Build 5239630 on Fri Nov 08 22:35:27 MST 2024
# IP Build 5239520 on Sun Nov 10 16:12:51 MST 2024
# SharedData Build 5239561 on Fri Nov 08 14:39:27 MST 2024
# Start of session at: Thu Mar  5 21:32:42 2026
# Process ID         : 31940
# Current directory  : C:/Users/Andres.Samson/Documents/ECE 485 Files/ece485_final_cadet_stage1
# Command line       : vivado.exe -gui_launcher_event rodinguilauncherevent71256 C:\Users\Andres.Samson\Documents\ECE 485 Files\ece485_final_cadet_stage1\ece485_final_cadet_stage1.xpr
# Log file           : C:/Users/Andres.Samson/Documents/ECE 485 Files/ece485_final_cadet_stage1/vivado.log
# Journal file       : C:/Users/Andres.Samson/Documents/ECE 485 Files/ece485_final_cadet_stage1\vivado.jou
# Running On         : C26-5CG2151F2R
# Platform           : Windows Server 2016 or Windows 10
# Operating System   : 22631
# Processor Detail   : 11th Gen Intel(R) Core(TM) i7-1165G7 @ 2.80GHz
# CPU Frequency      : 2803 MHz
# CPU Physical cores : 4
# CPU Logical cores  : 8
# Host memory        : 16425 MB
# Swap memory        : 14139 MB
# Total Virtual      : 30564 MB
# Available Virtual  : 10251 MB
#-----------------------------------------------------------
start_gui
open_project {C:/Users/Andres.Samson/Documents/ECE 485 Files/ece485_final_cadet_stage1/ece485_final_cadet_stage1.xpr}
update_compile_order -fileset sources_1
